Using pre-set license
Built from '2022.3/staging' branch; Version is '2022.3.23f1 (dbb3f7c5b5c6) revision 14398455'; Using compiler version '192829333'; Build Type 'Release'
OS: 'Windows 11  (10.0.26200) 64bit Core' Language: 'ja' Physical Memory: 8061 MB
BatchMode: 1, IsHumanControllingUs: 0, StartBugReporterOnCrash: 0, Is64bit: 1, IsPro: 1

COMMAND LINE ARGUMENTS:
C:\Program Files\Unity\Hub\Editor\2022.3.23f1\Editor\Unity.exe
-adb2
-batchMode
-noUpm
-name
AssetImportWorker3
-projectPath
C:/Users/yuuic/Desktop/UnityProjects/FPS
-logFile
Logs/AssetImportWorker3.log
-srvPort
57350
Successfully changed project path to: C:/Users/yuuic/Desktop/UnityProjects/FPS
C:/Users/yuuic/Desktop/UnityProjects/FPS
[UnityMemory] Configuration Parameters - Can be set up in boot.config
    "memorysetup-bucket-allocator-granularity=16"
    "memorysetup-bucket-allocator-bucket-count=8"
    "memorysetup-bucket-allocator-block-size=33554432"
    "memorysetup-bucket-allocator-block-count=8"
    "memorysetup-main-allocator-block-size=16777216"
    "memorysetup-thread-allocator-block-size=16777216"
    "memorysetup-gfx-main-allocator-block-size=16777216"
    "memorysetup-gfx-thread-allocator-block-size=16777216"
    "memorysetup-cache-allocator-block-size=4194304"
    "memorysetup-typetree-allocator-block-size=2097152"
    "memorysetup-profiler-bucket-allocator-granularity=16"
    "memorysetup-profiler-bucket-allocator-bucket-count=8"
    "memorysetup-profiler-bucket-allocator-block-size=33554432"
    "memorysetup-profiler-bucket-allocator-block-count=8"
    "memorysetup-profiler-allocator-block-size=16777216"
    "memorysetup-profiler-editor-allocator-block-size=1048576"
    "memorysetup-temp-allocator-size-main=16777216"
    "memorysetup-job-temp-allocator-block-size=2097152"
    "memorysetup-job-temp-allocator-block-size-background=1048576"
    "memorysetup-job-temp-allocator-reduction-small-platforms=262144"
    "memorysetup-allocator-temp-initial-block-size-main=262144"
    "memorysetup-allocator-temp-initial-block-size-worker=262144"
    "memorysetup-temp-allocator-size-background-worker=32768"
    "memorysetup-temp-allocator-size-job-worker=262144"
    "memorysetup-temp-allocator-size-preload-manager=33554432"
    "memorysetup-temp-allocator-size-nav-mesh-worker=65536"
    "memorysetup-temp-allocator-size-audio-worker=65536"
    "memorysetup-temp-allocator-size-cloud-worker=32768"
    "memorysetup-temp-allocator-size-gi-baking-worker=262144"
    "memorysetup-temp-allocator-size-gfx=262144"
Player connection [16844] Host "[IP] 10.5.156.121 [Port] 0 [Flags] 2 [Guid] 1319157866 [EditorId] 1319157866 [Version] 1048832 [Id] WindowsEditor(7,DESKTOP-IMEJO93) [Debug] 1 [PackageName] WindowsEditor [ProjectName] Editor" joined multi-casting on [225.0.0.222:54997]...

Player connection [16844] Host "[IP] 10.5.156.121 [Port] 0 [Flags] 2 [Guid] 1319157866 [EditorId] 1319157866 [Version] 1048832 [Id] WindowsEditor(7,DESKTOP-IMEJO93) [Debug] 1 [PackageName] WindowsEditor [ProjectName] Editor" joined alternative multi-casting on [225.0.0.222:34997]...

[Physics::Module] Initialized MultithreadedJobDispatcher with 7 workers.
Refreshing native plugins compatible for Editor in 517.24 ms, found 4 plugins.
Preloading 0 native plugins for Editor in 0.00 ms.
Initialize engine version: 2022.3.23f1 (dbb3f7c5b5c6)
[Subsystems] Discovering subsystems at path C:/Program Files/Unity/Hub/Editor/2022.3.23f1/Editor/Data/Resources/UnitySubsystems
[Subsystems] Discovering subsystems at path C:/Users/yuuic/Desktop/UnityProjects/FPS/Assets
GfxDevice: creating device client; threaded=0; jobified=0
Direct3D:
    Version:  Direct3D 11.0 [level 11.1]
    Renderer: Intel(R) UHD Graphics (ID=0x9b41)
    Vendor:   Intel
    VRAM:     4030 MB
    Driver:   26.20.100.7323
Initialize mono
Mono path[0] = 'C:/Program Files/Unity/Hub/Editor/2022.3.23f1/Editor/Data/Managed'
Mono path[1] = 'C:/Program Files/Unity/Hub/Editor/2022.3.23f1/Editor/Data/MonoBleedingEdge/lib/mono/unityjit-win32'
Mono config path = 'C:/Program Files/Unity/Hub/Editor/2022.3.23f1/Editor/Data/MonoBleedingEdge/etc'
Using monoOptions --debugger-agent=transport=dt_socket,embedding=1,server=y,suspend=n,address=127.0.0.1:56316
Begin MonoManager ReloadAssembly
Registering precompiled unity dll's ...
Register platform support module: C:/Program Files/Unity/Hub/Editor/2022.3.23f1/Editor/Data/PlaybackEngines/WebGLSupport/UnityEditor.WebGL.Extensions.dll
Register platform support module: C:/Program Files/Unity/Hub/Editor/2022.3.23f1/Editor/Data/PlaybackEngines/WindowsStandaloneSupport/UnityEditor.WindowsStandalone.Extensions.dll
Registered in 0.180096 seconds.
- Loaded All Assemblies, in  6.716 seconds
Native extension for WindowsStandalone target not found
Native extension for WebGL target not found
Mono: successfully reloaded assembly
- Finished resetting the current domain, in  6.005 seconds
Domain Reload Profiling: 12689ms
	BeginReloadAssembly (2528ms)
		ExecutionOrderSort (0ms)
		DisableScriptedObjects (0ms)
		BackupInstance (0ms)
		ReleaseScriptingObjects (0ms)
		CreateAndSetChildDomain (20ms)
	RebuildCommonClasses (965ms)
	RebuildNativeTypeToScriptingClass (98ms)
	initialDomainReloadingComplete (1271ms)
	LoadAllAssembliesAndSetupDomain (1820ms)
		LoadAssemblies (2441ms)
		RebuildTransferFunctionScriptingTraits (0ms)
		AnalyzeDomain (1749ms)
			TypeCache.Refresh (1743ms)
				TypeCache.ScanAssembly (1630ms)
			ScanForSourceGeneratedMonoScriptInfo (2ms)
			ResolveRequiredComponents (3ms)
	FinalizeReload (6007ms)
		ReleaseScriptCaches (0ms)
		RebuildScriptCaches (0ms)
		SetupLoadedEditorAssemblies (5457ms)
			LogAssemblyErrors (0ms)
			InitializePlatformSupportModulesInManaged (78ms)
			SetLoadedEditorAssemblies (40ms)
			RefreshPlugins (0ms)
			BeforeProcessingInitializeOnLoad (58ms)
			ProcessInitializeOnLoadAttributes (4322ms)
			ProcessInitializeOnLoadMethodAttributes (958ms)
			AfterProcessingInitializeOnLoad (0ms)
			EditorAssembliesLoaded (1ms)
		ExecutionOrderSort2 (0ms)
		AwakeInstancesAfterBackupRestoration (0ms)
========================================================================
Worker process is ready to serve import requests
Begin MonoManager ReloadAssembly
- Loaded All Assemblies, in  6.838 seconds
Refreshing native plugins compatible for Editor in 40.73 ms, found 4 plugins.
Native extension for WindowsStandalone target not found
Native extension for WebGL target not found
Mono: successfully reloaded assembly
- Finished resetting the current domain, in  4.079 seconds
Domain Reload Profiling: 10896ms
	BeginReloadAssembly (1396ms)
		ExecutionOrderSort (0ms)
		DisableScriptedObjects (105ms)
		BackupInstance (0ms)
		ReleaseScriptingObjects (0ms)
		CreateAndSetChildDomain (230ms)
	RebuildCommonClasses (370ms)
	RebuildNativeTypeToScriptingClass (85ms)
	initialDomainReloadingComplete (296ms)
	LoadAllAssembliesAndSetupDomain (4659ms)
		LoadAssemblies (3892ms)
		RebuildTransferFunctionScriptingTraits (0ms)
		AnalyzeDomain (1527ms)
			TypeCache.Refresh (1379ms)
				TypeCache.ScanAssembly (1316ms)
			ScanForSourceGeneratedMonoScriptInfo (90ms)
			ResolveRequiredComponents (50ms)
	FinalizeReload (4090ms)
		ReleaseScriptCaches (0ms)
		RebuildScriptCaches (0ms)
		SetupLoadedEditorAssemblies (3257ms)
			LogAssemblyErrors (0ms)
			InitializePlatformSupportModulesInManaged (28ms)
			SetLoadedEditorAssemblies (11ms)
			RefreshPlugins (0ms)
			BeforeProcessingInitializeOnLoad (201ms)
			ProcessInitializeOnLoadAttributes (2836ms)
			ProcessInitializeOnLoadMethodAttributes (134ms)
			AfterProcessingInitializeOnLoad (48ms)
			EditorAssembliesLoaded (0ms)
		ExecutionOrderSort2 (0ms)
		AwakeInstancesAfterBackupRestoration (46ms)
Launched and connected shader compiler UnityShaderCompiler.exe after 1.82 seconds
Refreshing native plugins compatible for Editor in 303.74 ms, found 4 plugins.
Preloading 0 native plugins for Editor in 0.00 ms.
Unloading 3593 Unused Serialized files (Serialized files now loaded: 0)
Unloading 43 unused Assets / (61.9 KB). Loaded Objects now: 4079.
Memory consumption went from 222.2 MB to 222.1 MB.
Total: 122.067600 ms (FindLiveObjects: 15.584200 ms CreateObjectMapping: 7.184800 ms MarkObjects: 97.413200 ms  DeleteObjects: 1.878800 ms)

AssetImportParameters requested are different than current active one (requested -> active):
  custom:container-demuxer-ogg: 62fdf1f143b41e24485cea50d1cbac27 -> 
  custom:video-codec-MediaFoundation-h265: 746d11721c4dcdbdad8f713fa42b33f4 -> 
  custom:video-decoder-ogg-theora: a1e56fd34408186e4bbccfd4996cb3dc -> 
  custom:framework-win-MediaFoundation: 216162199b28c13a410421893ffa2e32 -> 
  custom:CustomObjectIndexerAttribute: 9a22284fe3817be447336de3de66b15e -> 
  custom:container-demuxer-webm: 4f35f7cbe854078d1ac9338744f61a02 -> 
  custom:container-muxer-webm: aa71ff27fc2769a1b78a27578f13a17b -> 
  custom:video-decoder-webm-vp8: 9c59270c3fd7afecdb556c50c9e8de78 -> 
  custom:SearchIndexIgnoredProperties: e643bd26f0fe6173181afceb89e7c659 -> 
  custom:AudioImporter_EditorPlatform: d09bf68614088b80899f8185d706f6e7 -> 
  custom:video-encoder-webm-vp8: eb34c28f22e8b96e1ab97ce403110664 -> 
  custom:audio-decoder-ogg-vorbis: bf7c407c2cedff20999df2af8eb42d56 -> 
  custom:audio-encoder-webm-vorbis: bf7c407c2cedff20999df2af8eb42d56 -> 
========================================================================
Received Import Request.
  Time since last request: 1814599.851783 seconds.
  path: Assets/Imports/BigRookGames/_AssetPacks/Stylized Weapon Pack/Stylized Rocket Launcher/Prefabs/VFX
  artifactKey: Guid(7dc080c3826d05d45813ea24cf1cbc11) Importer(2089858483,0ecaa5967403d082aa24f35e1b516d23)
Start importing Assets/Imports/BigRookGames/_AssetPacks/Stylized Weapon Pack/Stylized Rocket Launcher/Prefabs/VFX using Guid(7dc080c3826d05d45813ea24cf1cbc11) Importer(2089858483,0ecaa5967403d082aa24f35e1b516d23)  -> (artifact id: '88458b01aeca9ca08c8fd9544a72bb80') in 1.433480 seconds
Number of updated asset objects reloaded before import = 0
Number of asset objects unloaded after import = 1
========================================================================
Received Import Request.
  Time since last request: 0.000605 seconds.
  path: Assets/Imports/BigRookGames/_AssetPacks/Stylized Weapon Pack/Stylized Rocket Launcher/Materials/VFX/GlowHDR.mat
  artifactKey: Guid(548d5c03b84ab984b83a15b38c2c4888) Importer(2089858483,0ecaa5967403d082aa24f35e1b516d23)
Start importing Assets/Imports/BigRookGames/_AssetPacks/Stylized Weapon Pack/Stylized Rocket Launcher/Materials/VFX/GlowHDR.mat using Guid(548d5c03b84ab984b83a15b38c2c4888) Importer(2089858483,0ecaa5967403d082aa24f35e1b516d23)  -> (artifact id: '0e6c7f9464de88e589bb8aa1dcbeaa99') in 0.908653 seconds
Number of updated asset objects reloaded before import = 0
Number of asset objects unloaded after import = 2
========================================================================
Received Import Request.
  Time since last request: 0.001736 seconds.
  path: Assets/Imports/BigRookGames/_AssetPacks/Stylized Weapon Pack/Stylized Rocket Launcher/Models/RaysCone.FBX
  artifactKey: Guid(12394e33e8ac7a748822a233b8b88a3d) Importer(2089858483,0ecaa5967403d082aa24f35e1b516d23)
Start importing Assets/Imports/BigRookGames/_AssetPacks/Stylized Weapon Pack/Stylized Rocket Launcher/Models/RaysCone.FBX using Guid(12394e33e8ac7a748822a233b8b88a3d) Importer(2089858483,0ecaa5967403d082aa24f35e1b516d23)  -> (artifact id: '0c2c4c7643d062abea524304b81cddd6') in 0.966467 seconds
Number of updated asset objects reloaded before import = 0
Number of asset objects unloaded after import = 9
========================================================================
Received Import Request.
  Time since last request: 0.007072 seconds.
  path: Assets/Imports/BigRookGames/_AssetPacks/Stylized Weapon Pack/Stylized Rocket Launcher/Models/Debris.fbx
  artifactKey: Guid(4b7cbcc94f1f0d9488569a06bde33ccd) Importer(2089858483,0ecaa5967403d082aa24f35e1b516d23)
Start importing Assets/Imports/BigRookGames/_AssetPacks/Stylized Weapon Pack/Stylized Rocket Launcher/Models/Debris.fbx using Guid(4b7cbcc94f1f0d9488569a06bde33ccd) Importer(2089858483,0ecaa5967403d082aa24f35e1b516d23)  -> (artifact id: '9014cfc090e3570d5991a2293b4914cc') in 1.931093 seconds
Number of updated asset objects reloaded before import = 0
Number of asset objects unloaded after import = 8
========================================================================
Received Import Request.
  Time since last request: 0.000059 seconds.
  path: Assets/Imports/TowerDefenceAssets/Textures
  artifactKey: Guid(da88efb8781871746ab6f05deaba98da) Importer(2089858483,0ecaa5967403d082aa24f35e1b516d23)
Start importing Assets/Imports/TowerDefenceAssets/Textures using Guid(da88efb8781871746ab6f05deaba98da) Importer(2089858483,0ecaa5967403d082aa24f35e1b516d23)  -> (artifact id: 'edfc0ec998a2e2e52c9166df58791e37') in 0.323542 seconds
Number of updated asset objects reloaded before import = 0
Number of asset objects unloaded after import = 1
========================================================================
Received Import Request.
  Time since last request: 0.000060 seconds.
  path: Assets/Imports/BigRookGames/_AssetPacks/Stylized Weapon Pack/Stylized Rocket Launcher/Materials
  artifactKey: Guid(39a84465f42633b449b503e8606ad3fe) Importer(2089858483,0ecaa5967403d082aa24f35e1b516d23)
Start importing Assets/Imports/BigRookGames/_AssetPacks/Stylized Weapon Pack/Stylized Rocket Launcher/Materials using Guid(39a84465f42633b449b503e8606ad3fe) Importer(2089858483,0ecaa5967403d082aa24f35e1b516d23)  -> (artifact id: '79ceb8b1f4346dec1ea21f72dc78ecae') in 0.133256 seconds
Number of updated asset objects reloaded before import = 0
Number of asset objects unloaded after import = 1
========================================================================
Received Import Request.
  Time since last request: 0.000719 seconds.
  path: Assets/BigRookGames Holder/M4 Scoped Assault Rifle/Audio/clip audio mixer.mixer
  artifactKey: Guid(587aedb20bbaf494eb496195f38a8ab6) Importer(2089858483,0ecaa5967403d082aa24f35e1b516d23)
Start importing Assets/BigRookGames Holder/M4 Scoped Assault Rifle/Audio/clip audio mixer.mixer using Guid(587aedb20bbaf494eb496195f38a8ab6) Importer(2089858483,0ecaa5967403d082aa24f35e1b516d23) Refreshing native plugins compatible for Editor in 86.41 ms, found 4 plugins.
Preloading 0 native plugins for Editor in 0.00 ms.
 -> (artifact id: '2d296ff71978777afab5bd9f788a8b75') in 0.548988 seconds
Number of updated asset objects reloaded before import = 0
Number of asset objects unloaded after import = 6
========================================================================
Received Import Request.
  Time since last request: 0.020033 seconds.
  path: Assets/Imports/BigRookGames/_AssetPacks/Stylized Weapon Pack/Stylized Rocket Launcher/Textures/SoftGlow.png
  artifactKey: Guid(e5f3479768a4514458f261239d1c911e) Importer(2089858483,0ecaa5967403d082aa24f35e1b516d23)
Start importing Assets/Imports/BigRookGames/_AssetPacks/Stylized Weapon Pack/Stylized Rocket Launcher/Textures/SoftGlow.png using Guid(e5f3479768a4514458f261239d1c911e) Importer(2089858483,0ecaa5967403d082aa24f35e1b516d23)  -> (artifact id: 'f1c3c5d11cf63614686dcb609baaacea') in 1.329340 seconds
Number of updated asset objects reloaded before import = 0
Number of asset objects unloaded after import = 3
========================================================================
Received Import Request.
  Time since last request: 0.000044 seconds.
  path: Assets/Imports/BigRookGames/_AssetPacks/Stylized Weapon Pack/Stylized Rocket Launcher/Prefabs/Rocket Projectile.prefab
  artifactKey: Guid(5269dd52fdc50ea429c6b6a65cc1161e) Importer(2089858483,0ecaa5967403d082aa24f35e1b516d23)
Start importing Assets/Imports/BigRookGames/_AssetPacks/Stylized Weapon Pack/Stylized Rocket Launcher/Prefabs/Rocket Projectile.prefab using Guid(5269dd52fdc50ea429c6b6a65cc1161e) Importer(2089858483,0ecaa5967403d082aa24f35e1b516d23)  -> (artifact id: '29a0c298d66290bbc33506bc46950523') in 1.374662 seconds
Number of updated asset objects reloaded before import = 0
Number of asset objects unloaded after import = 70
========================================================================
Received Import Request.
  Time since last request: 0.000056 seconds.
  path: Assets/Imports/TowerDefenceAssets/Prefabs/Towers/Tower_8.prefab
  artifactKey: Guid(ecd17c2042c0b3e4c98cbdaa8a926a63) Importer(2089858483,0ecaa5967403d082aa24f35e1b516d23)
Start importing Assets/Imports/TowerDefenceAssets/Prefabs/Towers/Tower_8.prefab using Guid(ecd17c2042c0b3e4c98cbdaa8a926a63) Importer(2089858483,0ecaa5967403d082aa24f35e1b516d23)  -> (artifact id: 'ac3d94923adc10b75c19bba57c40dcef') in 0.448021 seconds
Number of updated asset objects reloaded before import = 0
Number of asset objects unloaded after import = 28
========================================================================
Received Import Request.
  Time since last request: 0.419647 seconds.
  path: Assets/Imports/BigRookGames/_AssetPacks/Stylized Weapon Pack/Stylized Rocket Launcher/Audio/RocketLauncherFire.wav
  artifactKey: Guid(40e71b0f7bd610849b40f150553f4702) Importer(2089858483,0ecaa5967403d082aa24f35e1b516d23)
Start importing Assets/Imports/BigRookGames/_AssetPacks/Stylized Weapon Pack/Stylized Rocket Launcher/Audio/RocketLauncherFire.wav using Guid(40e71b0f7bd610849b40f150553f4702) Importer(2089858483,0ecaa5967403d082aa24f35e1b516d23)  -> (artifact id: 'a4c8d538b2e18b02946cf0fee362a710') in 0.636854 seconds
Number of updated asset objects reloaded before import = 0
Number of asset objects unloaded after import = 1
========================================================================
Received Import Request.
  Time since last request: 0.000214 seconds.
  path: Assets/BigRookGames Holder/M4 Scoped Assault Rifle/Textures
  artifactKey: Guid(60034906328bf5e45a7d206d6955ba25) Importer(2089858483,0ecaa5967403d082aa24f35e1b516d23)
Start importing Assets/BigRookGames Holder/M4 Scoped Assault Rifle/Textures using Guid(60034906328bf5e45a7d206d6955ba25) Importer(2089858483,0ecaa5967403d082aa24f35e1b516d23)  -> (artifact id: '051ba4428a7950cf537904430ef514cf') in 0.038392 seconds
Number of updated asset objects reloaded before import = 0
Number of asset objects unloaded after import = 1
========================================================================
Received Import Request.
  Time since last request: 0.002829 seconds.
  path: Assets/Imports/BigRookGames/_AssetPacks/Stylized Weapon Pack/Stylized Rocket Launcher/Rocket Launcher Example Scene.unity
  artifactKey: Guid(1c770b2310d75a84d8f55488f5ddfadd) Importer(2089858483,0ecaa5967403d082aa24f35e1b516d23)
Start importing Assets/Imports/BigRookGames/_AssetPacks/Stylized Weapon Pack/Stylized Rocket Launcher/Rocket Launcher Example Scene.unity using Guid(1c770b2310d75a84d8f55488f5ddfadd) Importer(2089858483,0ecaa5967403d082aa24f35e1b516d23)  -> (artifact id: 'cad5132770b2694c5e260fe1841a341d') in 0.061675 seconds
Number of updated asset objects reloaded before import = 0
Number of asset objects unloaded after import = 1
========================================================================
Received Import Request.
  Time since last request: 0.008737 seconds.
  path: Assets/Imports/TowerDefenceAssets/Models/Towers
  artifactKey: Guid(948e68287f83cc94c9fb84501feb929b) Importer(2089858483,0ecaa5967403d082aa24f35e1b516d23)
Start importing Assets/Imports/TowerDefenceAssets/Models/Towers using Guid(948e68287f83cc94c9fb84501feb929b) Importer(2089858483,0ecaa5967403d082aa24f35e1b516d23)  -> (artifact id: 'ab3605d98faca624fcc491e8c2761f10') in 0.123223 seconds
Number of updated asset objects reloaded before import = 0
Number of asset objects unloaded after import = 1
========================================================================
Received Import Request.
  Time since last request: 0.000374 seconds.
  path: Assets/Weapons/Prefabs
  artifactKey: Guid(41e680ec5b0ec434e9a7ea1ae70a568c) Importer(2089858483,0ecaa5967403d082aa24f35e1b516d23)
Start importing Assets/Weapons/Prefabs using Guid(41e680ec5b0ec434e9a7ea1ae70a568c) Importer(2089858483,0ecaa5967403d082aa24f35e1b516d23)  -> (artifact id: '41556f3e056f07b4f42f22a5d05283fc') in 0.152955 seconds
Number of updated asset objects reloaded before import = 0
Number of asset objects unloaded after import = 1
========================================================================
Received Import Request.
  Time since last request: 0.000084 seconds.
  path: Assets/Terrain/Layers/grass.terrainlayer
  artifactKey: Guid(62bb50b208a61484980c8963149df468) Importer(2089858483,0ecaa5967403d082aa24f35e1b516d23)
Start importing Assets/Terrain/Layers/grass.terrainlayer using Guid(62bb50b208a61484980c8963149df468) Importer(2089858483,0ecaa5967403d082aa24f35e1b516d23)  -> (artifact id: 'ae8dfc7e71245ed43557cc41a6c3e92b') in 0.635961 seconds
Number of updated asset objects reloaded before import = 0
Number of asset objects unloaded after import = 2
========================================================================
Received Import Request.
  Time since last request: 0.014758 seconds.
  path: Assets/Imports/BigRookGames/_AssetPacks/Stylized Weapon Pack/Stylized Rocket Launcher/Materials/VFX/ImpactAdd.mat
  artifactKey: Guid(a7f817bc792fad94db5d6bf706228425) Importer(2089858483,0ecaa5967403d082aa24f35e1b516d23)
Start importing Assets/Imports/BigRookGames/_AssetPacks/Stylized Weapon Pack/Stylized Rocket Launcher/Materials/VFX/ImpactAdd.mat using Guid(a7f817bc792fad94db5d6bf706228425) Importer(2089858483,0ecaa5967403d082aa24f35e1b516d23)  -> (artifact id: '2d01f9be7588c5d35e88db5e1e65c3ea') in 0.184338 seconds
Number of updated asset objects reloaded before import = 0
Number of asset objects unloaded after import = 2
========================================================================
Received Import Request.
  Time since last request: 0.001863 seconds.
  path: Assets/Parkgarage/Prefabs/Tree/TreeWithHolder_prefab.prefab
  artifactKey: Guid(5c4f2790f9f04d94b9f3191f574c8149) Importer(2089858483,0ecaa5967403d082aa24f35e1b516d23)
Start importing Assets/Parkgarage/Prefabs/Tree/TreeWithHolder_prefab.prefab using Guid(5c4f2790f9f04d94b9f3191f574c8149) Importer(2089858483,0ecaa5967403d082aa24f35e1b516d23)  -> (artifact id: '09a97d21c54566959a469d15479199c5') in 0.214853 seconds
Number of updated asset objects reloaded before import = 0
Number of asset objects unloaded after import = 16
========================================================================
Received Import Request.
  Time since last request: 0.034734 seconds.
  path: Assets/Imports/TowerDefenceAssets/Materials/Demo Scene/Ground.mat
  artifactKey: Guid(69b83ea03e140464cbfc25e2bf3ff0f4) Importer(2089858483,0ecaa5967403d082aa24f35e1b516d23)
Start importing Assets/Imports/TowerDefenceAssets/Materials/Demo Scene/Ground.mat using Guid(69b83ea03e140464cbfc25e2bf3ff0f4) Importer(2089858483,0ecaa5967403d082aa24f35e1b516d23)  -> (artifact id: '714fc4ea0360958baad4f0b5160f138a') in 0.356860 seconds
Number of updated asset objects reloaded before import = 0
Number of asset objects unloaded after import = 1
========================================================================
Received Import Request.
  Time since last request: 0.066625 seconds.
  path: Assets/Parkgarage/Prefabs/doors/texture/door.png
  artifactKey: Guid(7751394b2d2bc4f4face6058238b7739) Importer(2089858483,0ecaa5967403d082aa24f35e1b516d23)
Start importing Assets/Parkgarage/Prefabs/doors/texture/door.png using Guid(7751394b2d2bc4f4face6058238b7739) Importer(2089858483,0ecaa5967403d082aa24f35e1b516d23)  -> (artifact id: '1823d51d74b79893ccc935e0eea2cc14') in 0.293464 seconds
Number of updated asset objects reloaded before import = 0
Number of asset objects unloaded after import = 1
========================================================================
Received Import Request.
  Time since last request: 0.011684 seconds.
  path: Assets/Parkgarage/Prefabs/parkgarage/Textures/asphalt _normal.png
  artifactKey: Guid(a931658c7b53c024098fc1acdf53b3ae) Importer(2089858483,0ecaa5967403d082aa24f35e1b516d23)
Start importing Assets/Parkgarage/Prefabs/parkgarage/Textures/asphalt _normal.png using Guid(a931658c7b53c024098fc1acdf53b3ae) Importer(2089858483,0ecaa5967403d082aa24f35e1b516d23)  -> (artifact id: '0b31346cd0be479152776660d7582dbc') in 0.625399 seconds
Number of updated asset objects reloaded before import = 0
Number of asset objects unloaded after import = 1
========================================================================
Received Import Request.
  Time since last request: 0.000197 seconds.
  path: Assets/BigRookGames Holder/VFX/Lights
  artifactKey: Guid(1ef3345de97c7264aa39a5c6656cf2db) Importer(2089858483,0ecaa5967403d082aa24f35e1b516d23)
Start importing Assets/BigRookGames Holder/VFX/Lights using Guid(1ef3345de97c7264aa39a5c6656cf2db) Importer(2089858483,0ecaa5967403d082aa24f35e1b516d23)  -> (artifact id: '7fd9e873e3bcc536d45aed9610826ffc') in 0.110208 seconds
Number of updated asset objects reloaded before import = 0
Number of asset objects unloaded after import = 1
========================================================================
Received Import Request.
  Time since last request: 0.000053 seconds.
  path: Assets/Little_GhostLP(FREE)/Texture/Ghost Kid/New Skins/S1/Kid Ghost_blinn1_BaseColor.png
  artifactKey: Guid(1461a2e18f7bfc647a474a0524a83180) Importer(2089858483,0ecaa5967403d082aa24f35e1b516d23)
Start importing Assets/Little_GhostLP(FREE)/Texture/Ghost Kid/New Skins/S1/Kid Ghost_blinn1_BaseColor.png using Guid(1461a2e18f7bfc647a474a0524a83180) Importer(2089858483,0ecaa5967403d082aa24f35e1b516d23)  -> (artifact id: '21645f897e4cec778bde5cc4273e1673') in 0.197982 seconds
Number of updated asset objects reloaded before import = 0
Number of asset objects unloaded after import = 1
========================================================================
Received Import Request.
  Time since last request: 0.000977 seconds.
  path: Assets/SkySeries Freebie/ExampleScenes/SkyhighFreebieDemo.unity
  artifactKey: Guid(475ff5ddb2faf0f41b3cc2073532de8f) Importer(2089858483,0ecaa5967403d082aa24f35e1b516d23)
Start importing Assets/SkySeries Freebie/ExampleScenes/SkyhighFreebieDemo.unity using Guid(475ff5ddb2faf0f41b3cc2073532de8f) Importer(2089858483,0ecaa5967403d082aa24f35e1b516d23)  -> (artifact id: 'a42f95cd5f896d2f10b7dc4bddf2f3a9') in 0.093148 seconds
Number of updated asset objects reloaded before import = 0
Number of asset objects unloaded after import = 1
========================================================================
Received Import Request.
  Time since last request: 0.000063 seconds.
  path: Assets/Weapons
  artifactKey: Guid(1a0230d98b15e4b26b1dfc670307dee5) Importer(2089858483,0ecaa5967403d082aa24f35e1b516d23)
Start importing Assets/Weapons using Guid(1a0230d98b15e4b26b1dfc670307dee5) Importer(2089858483,0ecaa5967403d082aa24f35e1b516d23)  -> (artifact id: 'c87bf596e387db16d0d331ad8931c5ee') in 0.130519 seconds
Number of updated asset objects reloaded before import = 0
Number of asset objects unloaded after import = 1
========================================================================
Received Import Request.
  Time since last request: 0.000049 seconds.
  path: Assets/Parkgarage/Prefabs/plants/texture/bush.png
  artifactKey: Guid(07177b05d6cd87e498b074375179b6fd) Importer(2089858483,0ecaa5967403d082aa24f35e1b516d23)
Start importing Assets/Parkgarage/Prefabs/plants/texture/bush.png using Guid(07177b05d6cd87e498b074375179b6fd) Importer(2089858483,0ecaa5967403d082aa24f35e1b516d23)  -> (artifact id: '9f55b2d1aa04c76faf8ee4d0919e63f4') in 0.249484 seconds
Number of updated asset objects reloaded before import = 0
Number of asset objects unloaded after import = 1
========================================================================
Received Import Request.
  Time since last request: 0.000191 seconds.
  path: Assets/Scripts/EnemyGenerator.cs
  artifactKey: Guid(ddbd86a0c51c84a48a5509c9320384dc) Importer(2089858483,0ecaa5967403d082aa24f35e1b516d23)
Start importing Assets/Scripts/EnemyGenerator.cs using Guid(ddbd86a0c51c84a48a5509c9320384dc) Importer(2089858483,0ecaa5967403d082aa24f35e1b516d23)  -> (artifact id: 'f3c505304978fe580f375ad5f6f78969') in 0.138252 seconds
Number of updated asset objects reloaded before import = 0
Number of asset objects unloaded after import = 1
========================================================================
Received Import Request.
  Time since last request: 0.000351 seconds.
  path: Assets/Parkgarage/Prefabs/signs/texture/maxHighSign.png
  artifactKey: Guid(0390bc271a70a4b4faad82a73ebb326a) Importer(2089858483,0ecaa5967403d082aa24f35e1b516d23)
Start importing Assets/Parkgarage/Prefabs/signs/texture/maxHighSign.png using Guid(0390bc271a70a4b4faad82a73ebb326a) Importer(2089858483,0ecaa5967403d082aa24f35e1b516d23)  -> (artifact id: 'ff6ba157a0bcc44b6536a6d3ed55dfba') in 0.247220 seconds
Number of updated asset objects reloaded before import = 0
Number of asset objects unloaded after import = 1
========================================================================
Received Import Request.
  Time since last request: 0.001395 seconds.
  path: Assets/Parkgarage/Prefabs/lamps/Materials/In_top_middle.mat
  artifactKey: Guid(c9ecf3da86b55f44096ea9c1b7c21743) Importer(2089858483,0ecaa5967403d082aa24f35e1b516d23)
Start importing Assets/Parkgarage/Prefabs/lamps/Materials/In_top_middle.mat using Guid(c9ecf3da86b55f44096ea9c1b7c21743) Importer(2089858483,0ecaa5967403d082aa24f35e1b516d23)  -> (artifact id: '60348c81fd31725d477aafa2a2df70b6') in 0.273827 seconds
Number of updated asset objects reloaded before import = 0
Number of asset objects unloaded after import = 1
========================================================================
Received Import Request.
  Time since last request: 0.000727 seconds.
  path: Assets/Parkgarage/Prefabs/doors/Materials/Door.mat
  artifactKey: Guid(65bda8d3ca1b03a4b8538b68ae72da7a) Importer(2089858483,0ecaa5967403d082aa24f35e1b516d23)
Start importing Assets/Parkgarage/Prefabs/doors/Materials/Door.mat using Guid(65bda8d3ca1b03a4b8538b68ae72da7a) Importer(2089858483,0ecaa5967403d082aa24f35e1b516d23)  -> (artifact id: 'a0b77f6a3a58dbb097b7deade86682ac') in 0.185587 seconds
Number of updated asset objects reloaded before import = 0
Number of asset objects unloaded after import = 3
========================================================================
Received Import Request.
  Time since last request: 0.000036 seconds.
  path: Assets/Little_GhostLP(FREE)/Texture/Ghost Kid/New Skins/S3/Kid Ghost_blinn1_BaseColor.png
  artifactKey: Guid(90aceb81fc167d1479cab8dbc15fae44) Importer(2089858483,0ecaa5967403d082aa24f35e1b516d23)
Start importing Assets/Little_GhostLP(FREE)/Texture/Ghost Kid/New Skins/S3/Kid Ghost_blinn1_BaseColor.png using Guid(90aceb81fc167d1479cab8dbc15fae44) Importer(2089858483,0ecaa5967403d082aa24f35e1b516d23)  -> (artifact id: '8bbe9bcdc1202bebd3b66537aa6be585') in 0.212134 seconds
Number of updated asset objects reloaded before import = 0
Number of asset objects unloaded after import = 1
========================================================================
Received Import Request.
  Time since last request: 0.000159 seconds.
  path: Assets/SkySeries Freebie/FreebieHdri/FluffballDayBottom.hdr
  artifactKey: Guid(42e0664ae4c5c424ebcd980a10687e18) Importer(2089858483,0ecaa5967403d082aa24f35e1b516d23)
Start importing Assets/SkySeries Freebie/FreebieHdri/FluffballDayBottom.hdr using Guid(42e0664ae4c5c424ebcd980a10687e18) Importer(2089858483,0ecaa5967403d082aa24f35e1b516d23)  -> (artifact id: '86ccbd36d842d48e14e0ef73d0998789') in 0.174166 seconds
Number of updated asset objects reloaded before import = 0
Number of asset objects unloaded after import = 1
========================================================================
Received Import Request.
  Time since last request: 0.030131 seconds.
  path: Assets/SkySeries Freebie/CosmicCoolCloud_Eq.mat
  artifactKey: Guid(369b9ebe3a62b904dbc19bd332b44086) Importer(2089858483,0ecaa5967403d082aa24f35e1b516d23)
Start importing Assets/SkySeries Freebie/CosmicCoolCloud_Eq.mat using Guid(369b9ebe3a62b904dbc19bd332b44086) Importer(2089858483,0ecaa5967403d082aa24f35e1b516d23)  -> (artifact id: '6723ab5dee8b7b199e2e5e1ef4862eac') in 0.663822 seconds
Number of updated asset objects reloaded before import = 0
Number of asset objects unloaded after import = 2
========================================================================
Received Import Request.
  Time since last request: 0.003504 seconds.
  path: Assets/SkySeries Freebie/FreebieHdri/HighFantasy4k.hdr
  artifactKey: Guid(6e998e53d0a82bb45928cd08a0fcfff3) Importer(2089858483,0ecaa5967403d082aa24f35e1b516d23)
Start importing Assets/SkySeries Freebie/FreebieHdri/HighFantasy4k.hdr using Guid(6e998e53d0a82bb45928cd08a0fcfff3) Importer(2089858483,0ecaa5967403d082aa24f35e1b516d23)  -> (artifact id: 'deda54944ca93c88abe2f090b14ce4f9') in 0.766541 seconds
Number of updated asset objects reloaded before import = 0
Number of asset objects unloaded after import = 1
========================================================================
Received Import Request.
  Time since last request: 0.004100 seconds.
  path: Assets/Imports/BigRookGames/_AssetPacks/Stylized Weapon Pack/Stylized Rocket Launcher/Models/CometMuzzle.FBX
  artifactKey: Guid(afa71343d9c04b54097871198c4ab40b) Importer(2089858483,0ecaa5967403d082aa24f35e1b516d23)
Start importing Assets/Imports/BigRookGames/_AssetPacks/Stylized Weapon Pack/Stylized Rocket Launcher/Models/CometMuzzle.FBX using Guid(afa71343d9c04b54097871198c4ab40b) Importer(2089858483,0ecaa5967403d082aa24f35e1b516d23)  -> (artifact id: '6f44b416f82889407318ca74748f26c7') in 0.192367 seconds
Number of updated asset objects reloaded before import = 0
Number of asset objects unloaded after import = 9
========================================================================
Received Import Request.
  Time since last request: 0.000318 seconds.
  path: Assets/Parkgarage/Prefabs/parkgarage/Materials/arror.mat
  artifactKey: Guid(63c34263a215a314f937b405dfb5f8bb) Importer(2089858483,0ecaa5967403d082aa24f35e1b516d23)
Start importing Assets/Parkgarage/Prefabs/parkgarage/Materials/arror.mat using Guid(63c34263a215a314f937b405dfb5f8bb) Importer(2089858483,0ecaa5967403d082aa24f35e1b516d23)  -> (artifact id: '96af300944c5b67e6cd4404e012240bf') in 0.168456 seconds
Number of updated asset objects reloaded before import = 0
Number of asset objects unloaded after import = 2
Editor requested this worker to shutdown with reason: Scaling down because of idle timeout
TcpMessagingSession - receive error
AssetImportWorkerClient::OnTransportError - code=2 error=End of file
AssetImportWorker is now disconnected from the server
Process exiting
Exiting without the bug reporter. Application will terminate with return code 0